[2026-04-26T08:12:43.244Z] [system] [CREATE_VAULT] [0x1234567890123456789012345678901234567890]
[2026-04-26T08:12:43.464Z] [system] [CREATE_VAULT] [0x1234567890123456789012345678901234567890]
[2026-04-26T08:12:43.678Z] [system] [CREATE_VAULT] [0x1234567890123456789012345678901234567890]
[2026-04-26T08:12:43.843Z] [system] [CREATE_VAULT] [0x1234567890123456789012345678901234567890]
[2026-04-26T08:12:43.951Z] [system] [CREATE_VAULT] [0x1234567890123456789012345678901234567890]
[2026-04-26T08:12:44.099Z] [system] [CREATE_VAULT] [0x1234567890123456789012345678901234567890]
[2026-04-26T08:12:44.211Z] [system] [CREATE_VAULT] [0x1234567890123456789012345678901234567890]
[2026-04-26T08:12:44.464Z] [0x2222222222222222222222222222222222222222] [WITHDRAWAL] [0x1234567890123456789012345678901234567890]
[2026-04-26T08:12:44.489Z] [system] [CREATE_VAULT] [0x1234567890123456789012345678901234567890]
[2026-04-26T08:12:44.662Z] [system] [CREATE_VAULT] [0x1234567890123456789012345678901234567890]
[2026-04-26T08:12:44.969Z] [0xadmin1111111111111111111111111111111111] [CREATE_VAULT] [0xvault1111111111111111111111111111111111]
[2026-04-26T08:12:45.012Z] [0xadmin2222222222222222222222222222222222] [CREATE_VAULT] [0xvault2222222222222222222222222222222222]
[2026-04-26T08:12:45.056Z] [0xadmin3333333333333333333333333333333333] [CREATE_VAULT] [0xvault3333333333333333333333333333333333]
[2026-04-26T08:12:45.178Z] [system] [CREATE_VAULT] [0xvault5555555555555555555555555555555555]
[2026-04-26T08:12:45.207Z] [system] [CREATE_VAULT] [0xvault6666666666666666666666666666666666]
[2026-04-26T08:12:45.254Z] [0xadmin0000000000000000000000000000000000] [CREATE_VAULT] [0xvault0000000000000000000000000000000000]
[2026-04-26T08:12:47.526Z] [0x1234567890123456789012345678901234567890] [CREATE_VAULT] [0x9876543210987654321098765432109876543210]
[2026-04-26T08:12:47.940Z] [0x1234567890123456789012345678901234567890] [CREATE_VAULT] [0x9876543210987654321098765432109876543210]
[2026-04-26T08:12:48.265Z] [0x1234567890123456789012345678901234567890] [CREATE_VAULT] [0x9876543210987654321098765432109876543210]
[2026-04-26T08:12:48.618Z] [0x1234567890123456789012345678901234567890] [CREATE_VAULT] [0x9876543210987654321098765432109876543210]
[2026-04-26T08:12:48.930Z] [0x1234567890123456789012345678901234567890] [CREATE_VAULT] [0x9876543210987654321098765432109876543210]
[2026-04-26T08:12:49.271Z] [0x1234567890123456789012345678901234567890] [CREATE_VAULT] [0x9876543210987654321098765432109876543210]
[2026-04-26T08:12:49.638Z] [0x1234567890123456789012345678901234567890] [CREATE_VAULT] [0x9876543210987654321098765432109876543210]
[2026-04-26T08:12:50.034Z] [0x1234567890123456789012345678901234567890] [CREATE_VAULT] [0x9876543210987654321098765432109876543210]
[2026-04-26T08:12:50.041Z] [0xadmin12345678901234567890123456789012345678] [CREATE_VAULT] [0xvault98765432109876543210987654321098765432]
